
susmi@Susmitha MINGW64 ~
$ cd DEMO/

susmi@Susmitha MINGW64 ~/DEMO
$ ls
demo.sh  srikar

susmi@Susmitha MINGW64 ~/DEMO
$ git clone https://github.com/shanmukhasrikar/GIT_REPO.git
Cloning into 'GIT_REPO'...
remote: Enumerating objects: 3, done.
remote: Counting objects: 100% (3/3), done.
remote: Compressing objects: 100% (2/2), done.
remote: Total 3 (delta 0), reused 0 (delta 0), pack-reused 0
Receiving objects: 100% (3/3), done.

susmi@Susmitha MINGW64 ~/DEMO
$ ls
GIT_REPO/  demo.sh  srikar

susmi@Susmitha MINGW64 ~/DEMO
$ cd GIT_REPO/

susmi@Susmitha MINGW64 ~/DEMO/GIT_REPO (main)
$ ls
README.md

susmi@Susmitha MINGW64 ~/DEMO/GIT_REPO (main)
$ vi program1.txt

susmi@Susmitha MINGW64 ~/DEMO/GIT_REPO (main)
$ vi program1.txt

susmi@Susmitha MINGW64 ~/DEMO/GIT_REPO (main)
$ git status
On branch main
Your branch is up to date with 'origin/main'.

Untracked files:
  (use "git add <file>..." to include in what will be committed)
        program1.txt

nothing added to commit but untracked files present (use "git add" to track)

susmi@Susmitha MINGW64 ~/DEMO/GIT_REPO (main)
$ ls
README.md  program1.txt

susmi@Susmitha MINGW64 ~/DEMO/GIT_REPO (main)
$ git add program1.txt
warning: in the working copy of 'program1.txt', LF will be replaced by CRLF the next time Git touches it

susmi@Susmitha MINGW64 ~/DEMO/GIT_REPO (main)
$ git status
On branch main
Your branch is up to date with 'origin/main'.

Changes to be committed:
  (use "git restore --staged <file>..." to unstage)
        new file:   program1.txt


susmi@Susmitha MINGW64 ~/DEMO/GIT_REPO (main)
$ git commit -m "Please Save this file."
Author identity unknown

*** Please tell me who you are.

Run

  git config --global user.email "you@example.com"
  git config --global user.name "Your Name"

to set your account's default identity.
Omit --global to set the identity only in this repository.

fatal: unable to auto-detect email address (got 'susmi@Susmitha.(none)')

susmi@Susmitha MINGW64 ~/DEMO/GIT_REPO (main)
$ git commit -m "srikargampa6@gmail.com"
Author identity unknown

*** Please tell me who you are.

Run

  git config --global user.email "you@example.com"
  git config --global user.name "Your Name"

to set your account's default identity.
Omit --global to set the identity only in this repository.

fatal: unable to auto-detect email address (got 'susmi@Susmitha.(none)')

susmi@Susmitha MINGW64 ~/DEMO/GIT_REPO (main)
$ git config --global user.email "srikargampa6@gmail.com"

susmi@Susmitha MINGW64 ~/DEMO/GIT_REPO (main)
$ git config --global user.name "Srikar"

susmi@Susmitha MINGW64 ~/DEMO/GIT_REPO (main)
$ git status
On branch main
Your branch is up to date with 'origin/main'.

Changes to be committed:
  (use "git restore --staged <file>..." to unstage)
        new file:   program1.txt


susmi@Susmitha MINGW64 ~/DEMO/GIT_REPO (main)
$ git commit -m "Please Save this file."
[main 60c8156] Please Save this file.
 1 file changed, 13 insertions(+)
 create mode 100644 program1.txt

susmi@Susmitha MINGW64 ~/DEMO/GIT_REPO (main)
$ git config --global user.name "shanmukhasrikar"

susmi@Susmitha MINGW64 ~/DEMO/GIT_REPO (main)
$ git commit -m "Please Save this file."
On branch main
Your branch is ahead of 'origin/main' by 1 commit.
  (use "git push" to publish your local commits)

nothing to commit, working tree clean

susmi@Susmitha MINGW64 ~/DEMO/GIT_REPO (main)
$ git push
Enumerating objects: 4, done.
Counting objects: 100% (4/4), done.
Delta compression using up to 4 threads
Compressing objects: 100% (3/3), done.
Writing objects: 100% (3/3), 402 bytes | 201.00 KiB/s, done.
Total 3 (delta 0), reused 0 (delta 0), pack-reused 0
To https://github.com/shanmukhasrikar/GIT_REPO.git
   94b5e4e..60c8156  main -> main

susmi@Susmitha MINGW64 ~/DEMO/GIT_REPO (main)
$ git commit -m "Please Save this file."
On branch main
Your branch is up to date with 'origin/main'.

nothing to commit, working tree clean

